// Jest Snapshot v1, https://goo.gl/fbAQLP

exports[`renders correctly 1`] = `
<Cell
  customStyle={
    Object {
      "padding": "30px",
    }
  }
>
  <div
    style={
      Object {
        "display": "table-cell",
        "padding": "30px",
      }
    }
  >
    <div>
      Child
    </div>
  </div>
</Cell>
`;
